10:48:19 **** Incremental Build of configuration Debug for project labb4_LCD ****
make -j8 all 
arm-none-eabi-size   labb4_LCD.elf 
   text	   data	    bss	    dec	    hex	filename
  15556	    104	   2136	  17796	   4584	labb4_LCD.elf
Finished building: default.size.stdout
 
10:48:34 **** Incremental Build of configuration Debug for project labb4_LCD ****
make -j8 all 
arm-none-eabi-size   labb4_LCD.elf 
   text	   data	    bss	    dec	    hex	filename
  15556	    104	   2136	  17796	   4584	labb4_LCD.elf
Finished building: default.size.stdout
 
10:51:15 **** Incremental Build of configuration Debug for project labb4_LCD ****
make -j8 all 
arm-none-eabi-size   labb4_LCD.elf 
   text	   data	    bss	    dec	    hex	filename
  15556	    104	   2136	  17796	   4584	labb4_LCD.elf
Finished building: default.size.stdout
 
